_:c14n0 <http://www.w3.org/1999/02/22-rdf-syntax-ns#type> <http://www.w3.org/ns/shacl#ValidationReport> .
_:c14n0 <http://www.w3.org/ns/shacl#conforms> "false"^^<http://www.w3.org/2001/XMLSchema#boolean> .
_:c14n0 <http://www.w3.org/ns/shacl#result> _:c14n1 .
_:c14n1 <http://www.w3.org/1999/02/22-rdf-syntax-ns#type> <http://www.w3.org/ns/shacl#ValidationResult> .
_:c14n1 <http://www.w3.org/ns/shacl#focusNode> <https://example.org/observationC> .
_:c14n1 <http://www.w3.org/ns/shacl#resultMessage> "Value does not have datatype <http://www.w3.org/2001/XMLSchema#decimal>" .
_:c14n1 <http://www.w3.org/ns/shacl#resultPath> <https://example.org/dimension1> .
_:c14n1 <http://www.w3.org/ns/shacl#resultSeverity> <http://www.w3.org/ns/shacl#Violation> .
_:c14n1 <http://www.w3.org/ns/shacl#sourceConstraintComponent> <http://www.w3.org/ns/shacl#DatatypeConstraintComponent> .
_:c14n1 <http://www.w3.org/ns/shacl#sourceShape> _:c14n2 .
_:c14n1 <http://www.w3.org/ns/shacl#value> ""^^<https://cube.link/Undefined> .
_:c14n2 <http://schema.org/name> "some Quantity" .
_:c14n2 <http://www.w3.org/ns/shacl#datatype> <http://www.w3.org/2001/XMLSchema#decimal> .
_:c14n2 <http://www.w3.org/ns/shacl#path> <https://example.org/dimension1> .
