_:c14n0 <http://www.w3.org/1999/02/22-rdf-syntax-ns#type> <http://www.w3.org/ns/shacl#ValidationReport> .
_:c14n0 <http://www.w3.org/ns/shacl#conforms> "false"^^<http://www.w3.org/2001/XMLSchema#boolean> .
_:c14n0 <http://www.w3.org/ns/shacl#result> _:c14n10 .
_:c14n1 <http://www.w3.org/ns/shacl#message> "The constraints do not validate" .
_:c14n1 <http://www.w3.org/ns/shacl#node> <http://example.org/ObservationConstraintProperty> .
_:c14n1 <http://www.w3.org/ns/shacl#path> <http://www.w3.org/ns/shacl#property> .
_:c14n10 <http://www.w3.org/1999/02/22-rdf-syntax-ns#type> <http://www.w3.org/ns/shacl#ValidationResult> .
_:c14n10 <http://www.w3.org/ns/shacl#detail> _:c14n9 .
_:c14n10 <http://www.w3.org/ns/shacl#focusNode> <https://example.org/shape> .
_:c14n10 <http://www.w3.org/ns/shacl#resultMessage> "The constraints do not validate" .
_:c14n10 <http://www.w3.org/ns/shacl#resultPath> <http://www.w3.org/ns/shacl#property> .
_:c14n10 <http://www.w3.org/ns/shacl#resultSeverity> <http://www.w3.org/ns/shacl#Violation> .
_:c14n10 <http://www.w3.org/ns/shacl#sourceConstraintComponent> <http://www.w3.org/ns/shacl#NodeConstraintComponent> .
_:c14n10 <http://www.w3.org/ns/shacl#sourceShape> _:c14n1 .
_:c14n10 <http://www.w3.org/ns/shacl#value> _:c14n5 .
_:c14n11 <http://www.w3.org/1999/02/22-rdf-syntax-ns#first> _:c14n8 .
_:c14n11 <http://www.w3.org/1999/02/22-rdf-syntax-ns#rest> _:c14n7 .
_:c14n2 <http://www.w3.org/ns/shacl#message> "needs a sh:datatype, sh:nodeKind or sh:datatype within sh:or (...)" .
_:c14n2 <http://www.w3.org/ns/shacl#or> _:c14n11 .
_:c14n3 <http://www.w3.org/ns/shacl#minCount> "1"^^<http://www.w3.org/2001/XMLSchema#integer> .
_:c14n3 <http://www.w3.org/ns/shacl#path> <http://www.w3.org/ns/shacl#nodeKind> .
_:c14n4 <http://www.w3.org/1999/02/22-rdf-syntax-ns#first> _:c14n6 .
_:c14n4 <http://www.w3.org/1999/02/22-rdf-syntax-ns#rest> <http://www.w3.org/1999/02/22-rdf-syntax-ns#nil> .
_:c14n6 <http://www.w3.org/ns/shacl#minCount> "1"^^<http://www.w3.org/2001/XMLSchema#integer> .
_:c14n6 <http://www.w3.org/ns/shacl#node> <http://example.org/listnode> .
_:c14n6 <http://www.w3.org/ns/shacl#node> <http://example.org/listnode_with_datatype> .
_:c14n6 <http://www.w3.org/ns/shacl#path> <http://www.w3.org/ns/shacl#or> .
_:c14n7 <http://www.w3.org/1999/02/22-rdf-syntax-ns#first> _:c14n3 .
_:c14n7 <http://www.w3.org/1999/02/22-rdf-syntax-ns#rest> _:c14n4 .
_:c14n8 <http://www.w3.org/ns/shacl#minCount> "1"^^<http://www.w3.org/2001/XMLSchema#integer> .
_:c14n8 <http://www.w3.org/ns/shacl#path> <http://www.w3.org/ns/shacl#datatype> .
_:c14n9 <http://www.w3.org/1999/02/22-rdf-syntax-ns#type> <http://www.w3.org/ns/shacl#ValidationResult> .
_:c14n9 <http://www.w3.org/ns/shacl#focusNode> _:c14n5 .
_:c14n9 <http://www.w3.org/ns/shacl#resultMessage> "needs a sh:datatype, sh:nodeKind or sh:datatype within sh:or (...)" .
_:c14n9 <http://www.w3.org/ns/shacl#resultSeverity> <http://www.w3.org/ns/shacl#Violation> .
_:c14n9 <http://www.w3.org/ns/shacl#sourceConstraintComponent> <http://www.w3.org/ns/shacl#OrConstraintComponent> .
_:c14n9 <http://www.w3.org/ns/shacl#sourceShape> _:c14n2 .
_:c14n9 <http://www.w3.org/ns/shacl#value> _:c14n5 .
