@prefix sh: <http://www.w3.org/ns/shacl#> .
@prefix rdf: <http://www.w3.org/1999/02/22-rdf-syntax-ns#> .
@prefix schema: <http://schema.org/> .
@prefix xsd: <http://www.w3.org/2001/XMLSchema#> .
@prefix cube: <https://cube.link/> .

_:report a sh:ValidationReport ;
	sh:result [
		rdf:type sh:ValidationResult ;
		sh:resultSeverity sh:Violation ;
		sh:sourceConstraintComponent sh:OrConstraintComponent ;
		sh:sourceShape <https://cube.link/shape/profile-opendataswiss-lindas#TemporalDimensionConstraint> ;
		sh:focusNode _:b3 ;
		sh:value _:b3 ;
		sh:resultMessage "Temporal dimension must be one of XSD datatypes: gYear, gYearMonth, date, dateTime, or have time:unitType" ;
	] ;
	sh:conforms false .
