@prefix sh: <http://www.w3.org/ns/shacl#> .
@prefix rdf: <http://www.w3.org/1999/02/22-rdf-syntax-ns#> .
@prefix schema: <http://schema.org/> .
@prefix xsd: <http://www.w3.org/2001/XMLSchema#> .
@prefix cube: <https://cube.link/> .

_:report a sh:ValidationReport ;
	sh:result [
		rdf:type sh:ValidationResult ;
		sh:resultSeverity sh:Violation ;
		sh:sourceConstraintComponent sh:MinCountConstraintComponent ;
		sh:sourceShape [
			sh:path <http://purl.org/dc/terms/identifier> ;
			sh:datatype xsd:string ;
			sh:maxCount 1 ;
			sh:minCount 1 ;
		] ;
		sh:focusNode <http://example.org/cube> ;
		sh:resultPath <http://purl.org/dc/terms/identifier> ;
		sh:resultMessage "Less than 1 values" ;
	] ;
	sh:conforms false .
