@prefix sh: <http://www.w3.org/ns/shacl#> .
@prefix rdf: <http://www.w3.org/1999/02/22-rdf-syntax-ns#> .
@prefix schema: <http://schema.org/> .
@prefix xsd: <http://www.w3.org/2001/XMLSchema#> .
@prefix cube: <https://cube.link/> .

_:report a sh:ValidationReport ;
	sh:result [
		rdf:type sh:ValidationResult ;
		sh:resultSeverity sh:Violation ;
		sh:sourceConstraintComponent sh:MaxCountConstraintComponent ;
		sh:sourceShape [
			sh:path _:b387 ;
			sh:maxCount 0 ;
			sh:message "Cube cannot be expired" ;
		] ;
		sh:focusNode <http://example.org/Cube> ;
		sh:resultPath _:b387 ;
		sh:resultMessage "Cube cannot be expired" ;
	] ;
	sh:conforms false .

_:b387 sh:alternativePath (
		schema:validThrough
		schema:expires
	) .
